---
source: src/ui/board.rs
assertion_line: 664
expression: screen
---
Todo 2                            In Progress 1                     Done 1                            No Status 1
╭───────────────────────────────╮ ╭───────────────────────────────╮ ╭───────────────────────────────╮ ╭───────────────────────────────╮
│● t #1                  @tviles│ │● t #2                         │ │○ Draft                        │ │? ● t #5                       │
│Fix crash                      │ │Add iteration columns          │ │Draft idea                     │ │Old option                     │
│                               │ │                               │ ╰───────────────────────────────╯ │                               │
│⑂ #12  Created: Aug 19, 2026   │ │P1                             │                                   │P0                             │
│P0                             │ ╰───────────────────────────────╯                                   ╰───────────────────────────────╯
│bug                            │
╰───────────────────────────────╯
┏━━━━━━━━━━━━━━━━━━━━━━━━━━━━━━━┓
┃● t #3                  @tviles┃
┃Emoji 🚀 title 中文 that is    ┃
┃quite long                     ┃
┃                               ┃
┃P2                             ┃
┃enhancement                    ┃
┗━━━━━━━━━━━━━━━━━━━━━━━━━━━━━━━┛
